{
    "VNetStart": "10.1.0.0",
    "VNetEnd": "10.1.255.255",
    "Available": [
        {
            "Start": "10.1.0.0",
            "End": "10.1.255.255",
            "Size": 65536,
            "CIDRAvailable": "{10.1.0.0/25, 10.1.0.0/26, 10.1.0.0/27, 10.1.0.0/28â€¦}"
        }
    ]
}