{
  "VNetStart": "10.0.0.0",
  "VNetEnd": "10.0.255.255",
  "Available": [
    {
      "Start": "10.0.1.16",
      "End": "10.0.1.63",
      "Size": 48,
      "CIDRAvailable": "10.0.1.16/28 10.0.1.32/27 10.0.1.32/28 10.0.1.48/28"
    },
    {
      "Start": "10.0.1.80",
      "End": "10.0.1.87",
      "Size": 8,
      "CIDRAvailable": null
    }
  ],
  "Subnets": [
    {
      "CIDR": "10.0.0.0/24",
      "Start": "10.0.0.0",
      "End": "10.0.0.255"
    },
    {
      "CIDR": "10.0.1.0/28",
      "Start": "10.0.1.0",
      "End": "10.0.1.15"
    },
    {
      "CIDR": "10.0.1.64/28",
      "Start": "10.0.1.64",
      "End": "10.0.1.79"
    },
    {
      "CIDR": "10.0.1.88/29",
      "Start": "10.0.1.88",
      "End": "10.0.1.95"
    }
  ]
}
